start_time_utc = 2026-06-20T09:31:58.344086+00:00
command_line = /home/gqs/EVS-MIMO/NEWfinal/src/main_single_proposed.py --repeat-runs 20 --repeat-jobs 10 --repeat-out-dir results/main_single_repeat20 --seed 20260526 --blas-threads 1 --force-rerun
n_runs = 20
jobs = 10
seed = 20260526
trial trial_id=0 seed=3147786918 position_error_m=6.001174e-01 clock_error_ns=1.330303e-02 y_nmse=3.137482e-06 runtime_s=5.761760e+02 failed=False
trial trial_id=1 seed=112311654 position_error_m=5.999128e-01 clock_error_ns=1.771905e-03 y_nmse=8.990256e-07 runtime_s=4.255405e+02 failed=False
trial trial_id=2 seed=3251202663 position_error_m=5.995468e-01 clock_error_ns=2.685587e-02 y_nmse=2.912396e-06 runtime_s=4.255107e+02 failed=False
trial trial_id=3 seed=3422926171 position_error_m=6.001827e-01 clock_error_ns=1.470177e-03 y_nmse=1.936878e-06 runtime_s=5.061037e+02 failed=False
trial trial_id=4 seed=287230138 position_error_m=6.002135e-01 clock_error_ns=6.633935e-03 y_nmse=2.858549e-06 runtime_s=4.249973e+02 failed=False
trial trial_id=5 seed=2290547997 position_error_m=6.003331e-01 clock_error_ns=2.999901e-02 y_nmse=3.623210e-06 runtime_s=5.408235e+02 failed=False
trial trial_id=6 seed=1919806993 position_error_m=6.005386e-01 clock_error_ns=2.160472e-03 y_nmse=1.703634e-06 runtime_s=4.441433e+02 failed=False
trial trial_id=7 seed=1914929603 position_error_m=6.010556e-01 clock_error_ns=3.200896e-03 y_nmse=2.211846e-06 runtime_s=4.524788e+02 failed=False
trial trial_id=8 seed=641399591 position_error_m=5.995333e-01 clock_error_ns=1.109953e-02 y_nmse=1.152852e-06 runtime_s=4.384719e+02 failed=False
trial trial_id=9 seed=3933360494 position_error_m=6.006744e-01 clock_error_ns=1.657766e-02 y_nmse=3.083143e-06 runtime_s=4.254375e+02 failed=False
trial trial_id=10 seed=781873798 position_error_m=5.992824e-01 clock_error_ns=3.190785e-02 y_nmse=1.085923e-06 runtime_s=3.112333e+02 failed=False
trial trial_id=11 seed=3685333214 position_error_m=6.003581e-01 clock_error_ns=2.184658e-02 y_nmse=3.463389e-06 runtime_s=3.104956e+02 failed=False
trial trial_id=12 seed=2210497206 position_error_m=6.004082e-01 clock_error_ns=3.215299e-02 y_nmse=2.323283e-06 runtime_s=3.422556e+02 failed=False
trial trial_id=13 seed=634888206 position_error_m=6.002035e-01 clock_error_ns=8.559882e-03 y_nmse=1.783012e-06 runtime_s=3.136751e+02 failed=False
trial trial_id=14 seed=1092560480 position_error_m=6.002037e-01 clock_error_ns=3.259779e-03 y_nmse=2.063569e-06 runtime_s=3.006922e+02 failed=False
trial trial_id=15 seed=2734808712 position_error_m=6.002026e-01 clock_error_ns=1.960537e-02 y_nmse=5.027227e-06 runtime_s=2.930485e+02 failed=False
trial trial_id=16 seed=1080178429 position_error_m=6.002443e-01 clock_error_ns=4.911830e-03 y_nmse=1.224173e-06 runtime_s=3.182827e+02 failed=False
trial trial_id=17 seed=2127997378 position_error_m=6.005469e-01 clock_error_ns=1.701755e-03 y_nmse=2.252935e-06 runtime_s=2.629046e+02 failed=False
trial trial_id=18 seed=3644258948 position_error_m=5.997710e-01 clock_error_ns=1.384104e-03 y_nmse=1.517175e-06 runtime_s=2.235919e+02 failed=False
trial trial_id=19 seed=3846521747 position_error_m=6.000094e-01 clock_error_ns=2.832562e-04 y_nmse=1.292226e-06 runtime_s=1.888825e+02 failed=False
final_summary
success_rate = 1.000000e+00
position_rmse_m = 6.001670e-01
err_x_rmse_m = 3.635890e-03
err_y_rmse_m = 3.388832e-03
err_z_rmse_m = 6.001465e-01
clock_error_ns_rmse = 1.625865e-02
clock_range_error_m_rmse = 4.874221e-03
y_nmse_mean = 2.277596e-06
runtime_s_mean = 3.762373e+02
runtime_s_std = 1.021598e+02
