start_time_utc = 2026-06-20T10:35:31.014089+00:00
command_line = /home/gqs/EVS-MIMO/NEWfinal/src/main_single_proposed.py --repeat-runs 20 --repeat-jobs 1 --repeat-out-dir results/main_single_repeat_debug --seed 20260526 --blas-threads 1 --force-rerun
n_runs = 20
jobs = 1
seed = 20260526
trial trial_id=0 seed=3147786918 position_error_m=3.723716e-04 clock_error_ns=4.997947e-04 y_nmse=2.594465e-06 runtime_s=7.429202e+01 failed=False
trial trial_id=1 seed=112311654 position_error_m=1.275790e-04 clock_error_ns=9.128913e-04 y_nmse=8.866667e-06 runtime_s=6.510785e+01 failed=False
trial trial_id=2 seed=3251202663 position_error_m=1.488794e-04 clock_error_ns=1.799771e-04 y_nmse=8.108071e-06 runtime_s=1.156042e+02 failed=False
trial trial_id=3 seed=3422926171 position_error_m=5.148558e-04 clock_error_ns=4.720866e-04 y_nmse=1.142203e-05 runtime_s=5.084774e+01 failed=False
trial trial_id=4 seed=287230138 position_error_m=3.373284e-04 clock_error_ns=6.348507e-04 y_nmse=4.566366e-06 runtime_s=6.213932e+01 failed=False
trial trial_id=5 seed=2290547997 position_error_m=5.429651e-04 clock_error_ns=6.559588e-04 y_nmse=4.503284e-06 runtime_s=8.350856e+01 failed=False
trial trial_id=6 seed=1919806993 position_error_m=1.104702e-04 clock_error_ns=2.261077e-04 y_nmse=2.297105e-06 runtime_s=7.377749e+01 failed=False
trial trial_id=7 seed=1914929603 position_error_m=4.173300e-04 clock_error_ns=5.887583e-04 y_nmse=5.366913e-06 runtime_s=8.889875e+01 failed=False
trial trial_id=8 seed=641399591 position_error_m=2.261921e-04 clock_error_ns=3.231047e-04 y_nmse=3.738168e-06 runtime_s=7.775602e+01 failed=False
trial trial_id=9 seed=3933360494 position_error_m=7.000005e-01 clock_error_ns=1.314663e-02 y_nmse=7.414501e-02 runtime_s=1.961499e+02 failed=False
trial trial_id=10 seed=781873798 position_error_m=2.284691e-04 clock_error_ns=8.737464e-04 y_nmse=4.193910e-06 runtime_s=6.642692e+01 failed=False
trial trial_id=11 seed=3685333214 position_error_m=7.000002e-01 clock_error_ns=3.693425e-02 y_nmse=3.444538e-02 runtime_s=1.151226e+02 failed=False
trial trial_id=12 seed=2210497206 position_error_m=3.977526e-04 clock_error_ns=2.593144e-04 y_nmse=3.027345e-06 runtime_s=6.693227e+01 failed=False
trial trial_id=13 seed=634888206 position_error_m=5.031958e-04 clock_error_ns=2.588418e-04 y_nmse=4.155436e-06 runtime_s=6.887199e+01 failed=False
trial trial_id=14 seed=1092560480 position_error_m=7.000008e-01 clock_error_ns=4.150978e-02 y_nmse=8.678579e-02 runtime_s=9.923293e+01 failed=False
trial trial_id=15 seed=2734808712 position_error_m=4.087615e-04 clock_error_ns=1.034656e-03 y_nmse=4.741522e-06 runtime_s=6.666862e+01 failed=False
trial trial_id=16 seed=1080178429 position_error_m=8.479808e-05 clock_error_ns=7.608821e-04 y_nmse=1.870100e-06 runtime_s=1.071309e+02 failed=False
trial trial_id=17 seed=2127997378 position_error_m=3.035093e-04 clock_error_ns=2.765824e-04 y_nmse=5.525583e-06 runtime_s=6.464457e+01 failed=False
trial trial_id=18 seed=3644258948 position_error_m=1.627099e-04 clock_error_ns=1.085489e-03 y_nmse=3.676730e-06 runtime_s=8.086602e+01 failed=False
trial trial_id=19 seed=3846521747 position_error_m=7.210392e-04 clock_error_ns=9.446142e-04 y_nmse=6.825288e-06 runtime_s=7.999749e+01 failed=False
final_summary
success_rate = 1.000000e+00
position_rmse_m = 2.711092e-01
err_x_rmse_m = 2.746719e-04
err_y_rmse_m = 2.168070e-04
err_z_rmse_m = 2.711090e-01
clock_error_ns_rmse = 1.278163e-02
clock_range_error_m_rmse = 3.831837e-03
y_nmse_mean = 9.773083e-03
runtime_s_mean = 8.519881e+01
runtime_s_std = 3.082941e+01
